*****************************************************************
      SolidWorks Corporation - IGES Processor Status Report
*****************************************************************
=================================================================
General Information
=================================================================
Sending System Product I.D.  : Noname
Receiving System Product I.D.: Noname
File Name                    : hblfsb6_set.igs
Sending System               :  By Spatial Corp.
Preprocessor Version         : XPlus ACIS/IGES 3.0
File Creation Date           : 20141226.190909
Model Creation Date          : 20141226.190909
Units                        : MM
Model Space Scale            : 1
Author                       : Noname
Organization                 : Noname


=================================================================
Entity Processing Information
=================================================================


=================================================================
Precision analysis of IGES file:
=================================================================
  Most prevalent number of significant digits:               2
  Highest number of significant digits:                     14
  Average number of significant digits:                3,28455
  Maximum distance to origin:                          40,8412
  Minimum distance to origin:                                0
  Effective number of significant digits:                   14


=================================================================
Entity Summary
=================================================================
-----------------------------------------------------------------
Type Name                                         Count Converted
---- ----                                         ----- ---------
100  Arc                                            232       232
102  Composite curve                                184       184
110  Line                                           786       786
120  Surface of revolution                           62        62
122  Tabulated cylinder                             102       102
124  Transformation matrix                          232       232
142  Curve on a parametric surface                  184       184
144  Trimmed parametric surface                     164       164
_________________________________________________________________


=================================================================
Result Summary
=================================================================
SolidWorks Feature Type                Count
-----------------------                -----
Solid feature(s)                       7
Surface feature(s)                     0
Curve/Sketch feature(s)                0
--------------------------------------------
Start time: venerdì, dicembre 26, 2014 19:08:27
Finish time: venerdì, dicembre 26, 2014 19:08:30
Processing time: 0 days, 00 hours, 00 mins, 03 secs
