*****************************************************************
      SolidWorks Corporation - IGES Processor Status Report
*****************************************************************
=================================================================
Informazioni generali
=================================================================
Invio I.D. del prodotto di sistema : Noname
Ricezione dell'I.D. del prodotto di sistema: Noname
Nome file                    : fbf33_8_30.igs
Invio del sistema               :  By Spatial Corp.
Versione preprocessore         : XPlus ACIS/IGES 3.0
Data creazione file           : 20150103.225927
Data creazione modello          : 20150103.225927
Unità                        : MM
Scala spazio del modello            : 1
Autore                       : Noname
Organizzazione                 : Noname


=================================================================
Informazioni entità in elaborazione
=================================================================


=================================================================
Analisi di precisione del file IGES:
=================================================================
  Numero prevalente di unità significative:               2
  Numero più alto di unità significative:                     14
  Numero media di unità significative:                5.80063
  Distanza massima dall'origine:                          55.0171
  Distanza minima dall'origine:                                0
  Numero effettivo di unità significative:                   14


=================================================================
Sintesi entità
=================================================================
-----------------------------------------------------------------
Immetti nome                                         Conteggio convertito
---- ----                                         ----- ---------
100  Arc                                             88        88
102  Composite curve                                 54        54
110  Line                                           162       162
120  Surface of revolution                           28        28
122  Tabulated cylinder                              20        20
124  Transformation matrix                           88        88
126  Rational B-spline curve                         36        36
142  Curve on a parametric surface                   54        54
144  Trimmed parametric surface                      48        48
_________________________________________________________________


=================================================================
Sintesi dei risultati
=================================================================
Tipo di funzione SolidWorks                Conteggio
-----------------------                -----
Funzioni solide                       2
Funzioni di superficie                     0
Funzioni di curva/schizzo                0
--------------------------------------------
Inizio: sabato, gennaio 03, 2015 23:01:19
Fine: sabato, gennaio 03, 2015 23:01:21
Tempo di elaborazione: 0 days, 00 hours, 00 mins, 02 secs
